    OpenRGB v0.9
    Commit:  from 
    Launched: 20250628_143234
====================================================================================================

0     |Info:    Found file: yes.orp attempting to validate header
1     |Info:    Valid v4 profile found for yes
1014  |Info:    ------------------------------------------------------
1014  |Info:    |               Start device detection               |
1014  |Info:    ------------------------------------------------------
1014  |Info:    Initializing HID interfaces: Success
1025  |Info:    ------------------------------------------------------
1025  |Info:    |             Detecting I2C interfaces               |
1025  |Info:    ------------------------------------------------------
1025  |Info:    Registering I2C interface: /dev/i2c-3 Device 8086:56A2 Subsystem: 172F:3964
1025  |Info:    Registering I2C interface: /dev/i2c-10 Device 1022:790B Subsystem: 1462:7C37
1025  |Info:    Registering I2C interface: /dev/i2c-1 Device 8086:56A2 Subsystem: 172F:3964
1025  |Info:    Registering I2C interface: /dev/i2c-8 Device 1022:790B Subsystem: 1462:7C37
1025  |Warning: [i2c_smbus_linux] Failed to read i2c device PCI device ID
1025  |Info:    Registering I2C interface: /dev/i2c-6 Device 0000:0000 Subsystem: 0000:0000
1025  |Info:    Registering I2C interface: /dev/i2c-4 Device 8086:56A2 Subsystem: 172F:3964
1026  |Info:    Registering I2C interface: /dev/i2c-2 Device 8086:56A2 Subsystem: 172F:3964
1026  |Info:    Registering I2C interface: /dev/i2c-0 Device 8086:56A2 Subsystem: 172F:3964
1026  |Info:    Registering I2C interface: /dev/i2c-9 Device 1022:790B Subsystem: 1462:7C37
1026  |Warning: [i2c_smbus_linux] Failed to read i2c device PCI device ID
1026  |Info:    Registering I2C interface: /dev/i2c-7 Device 0000:0000 Subsystem: 0000:0000
1026  |Warning: [i2c_smbus_linux] Failed to read i2c device PCI device ID
1026  |Info:    Registering I2C interface: /dev/i2c-5 Device 0000:0000 Subsystem: 0000:0000
1026  |Info:    ------------------------------------------------------
1026  |Info:    |               Detecting I2C devices                |
1026  |Info:    ------------------------------------------------------
1836  |Info:    [Corsair Vengeance Pro RGB] Registering RGB controller
1848  |Info:    [Corsair Vengeance Pro RGB] Registering RGB controller
2531  |Info:    ------------------------------------------------------
2531  |Info:    |               Detecting I2C PCI devices            |
2531  |Info:    ------------------------------------------------------
2532  |Info:    ------------------------------------------------------
2532  |Info:    |               Detecting HID devices                |
2532  |Info:    ------------------------------------------------------
2594  |Info:    [MSI MPG X570 GAMING PLUS (MS-7C37)] Registering RGB controller
2745  |Info:    [Corsair Commander Core] Registering RGB controller
2829  |Info:    [Corsair MM800 RGB Polaris] Registering RGB controller
2829  |Info:    ------------------------------------------------------
2829  |Info:    |            Detecting libusb HID devices            |
2829  |Info:    ------------------------------------------------------
2923  |Info:    ------------------------------------------------------
2923  |Info:    |              Detecting other devices               |
2923  |Info:    ------------------------------------------------------
2933  |Info:    ------------------------------------------------------
2933  |Info:    |                Detection completed                 |
2933  |Info:    ------------------------------------------------------
2934  |Info:    Profile loading: Succeeded for Corsair Vengeance Pro RGB @ I2C: /dev/i2c-8, address 0x5A
2934  |Info:    Profile loading: Succeeded for Corsair Vengeance Pro RGB @ I2C: /dev/i2c-8, address 0x5B
2934  |Info:    Profile loading: Succeeded for MSI MPG X570 GAMING PLUS (MS-7C37) @ HID: /dev/hidraw1
2934  |Info:    Profile loading: Succeeded for Corsair Commander Core @ HID: /dev/hidraw4
2934  |Info:    Profile loading: Succeeded for Corsair MM800 RGB Polaris @ HID: /dev/hidraw2
3186  |Info:    Profile loading: Succeeded for Corsair Vengeance Pro RGB @ I2C: /dev/i2c-8, address 0x5A
3186  |Info:    Profile loading: Succeeded for Corsair Vengeance Pro RGB @ I2C: /dev/i2c-8, address 0x5B
3186  |Info:    Profile loading: Succeeded for MSI MPG X570 GAMING PLUS (MS-7C37) @ HID: /dev/hidraw1
3186  |Info:    Profile loading: Succeeded for Corsair Commander Core @ HID: /dev/hidraw4
3186  |Info:    Profile loading: Succeeded for Corsair MM800 RGB Polaris @ HID: /dev/hidraw2
