    OpenRGB v0.9
    Commit:  from 
    Launched: 20250628_143046
====================================================================================================

0     |Info:    Found file: yes.orp attempting to validate header
0     |Info:    Valid v4 profile found for yes
1002  |Info:    ------------------------------------------------------
1002  |Info:    |               Start device detection               |
1002  |Info:    ------------------------------------------------------
1002  |Info:    Initializing HID interfaces: Success
1012  |Info:    ------------------------------------------------------
1012  |Info:    |             Detecting I2C interfaces               |
1012  |Info:    ------------------------------------------------------
1012  |Info:    Registering I2C interface: /dev/i2c-3 Device 8086:56A2 Subsystem: 172F:3964
1012  |Info:    Registering I2C interface: /dev/i2c-10 Device 1022:790B Subsystem: 1462:7C37
1013  |Info:    Registering I2C interface: /dev/i2c-1 Device 8086:56A2 Subsystem: 172F:3964
1013  |Info:    Registering I2C interface: /dev/i2c-8 Device 1022:790B Subsystem: 1462:7C37
1013  |Warning: [i2c_smbus_linux] Failed to read i2c device PCI device ID
1013  |Info:    Registering I2C interface: /dev/i2c-6 Device 0000:0000 Subsystem: 0000:0000
1013  |Info:    Registering I2C interface: /dev/i2c-4 Device 8086:56A2 Subsystem: 172F:3964
1013  |Info:    Registering I2C interface: /dev/i2c-2 Device 8086:56A2 Subsystem: 172F:3964
1013  |Info:    Registering I2C interface: /dev/i2c-0 Device 8086:56A2 Subsystem: 172F:3964
1013  |Info:    Registering I2C interface: /dev/i2c-9 Device 1022:790B Subsystem: 1462:7C37
1013  |Warning: [i2c_smbus_linux] Failed to read i2c device PCI device ID
1013  |Info:    Registering I2C interface: /dev/i2c-7 Device 0000:0000 Subsystem: 0000:0000
1013  |Warning: [i2c_smbus_linux] Failed to read i2c device PCI device ID
1013  |Info:    Registering I2C interface: /dev/i2c-5 Device 0000:0000 Subsystem: 0000:0000
1013  |Info:    ------------------------------------------------------
1013  |Info:    |               Detecting I2C devices                |
1013  |Info:    ------------------------------------------------------
1812  |Info:    [Corsair Vengeance Pro RGB] Registering RGB controller
1824  |Info:    [Corsair Vengeance Pro RGB] Registering RGB controller
2505  |Info:    ------------------------------------------------------
2505  |Info:    |               Detecting I2C PCI devices            |
2505  |Info:    ------------------------------------------------------
2505  |Info:    ------------------------------------------------------
2505  |Info:    |               Detecting HID devices                |
2505  |Info:    ------------------------------------------------------
2566  |Info:    [MSI MPG X570 GAMING PLUS (MS-7C37)] Registering RGB controller
2674  |Info:    [Corsair Commander Core] Registering RGB controller
2755  |Info:    [Corsair MM800 RGB Polaris] Registering RGB controller
