    OpenRGB v0.9
    Commit:  from 
    Launched: 20250628_142924
====================================================================================================

0     |Info:    Found file: yes.orp attempting to validate header
0     |Info:    Valid v4 profile found for yes
1002  |Info:    ------------------------------------------------------
1002  |Info:    |               Start device detection               |
1002  |Info:    ------------------------------------------------------
1002  |Info:    Initializing HID interfaces: Success
1014  |Info:    ------------------------------------------------------
1014  |Info:    |             Detecting I2C interfaces               |
1014  |Info:    ------------------------------------------------------
1014  |Info:    Registering I2C interface: /dev/i2c-3 Device 8086:56A2 Subsystem: 172F:3964
1014  |Info:    Registering I2C interface: /dev/i2c-10 Device 1022:790B Subsystem: 1462:7C37
1014  |Info:    Registering I2C interface: /dev/i2c-1 Device 8086:56A2 Subsystem: 172F:3964
1014  |Info:    Registering I2C interface: /dev/i2c-8 Device 1022:790B Subsystem: 1462:7C37
1014  |Warning: [i2c_smbus_linux] Failed to read i2c device PCI device ID
1014  |Info:    Registering I2C interface: /dev/i2c-6 Device 0000:0000 Subsystem: 0000:0000
1014  |Info:    Registering I2C interface: /dev/i2c-4 Device 8086:56A2 Subsystem: 172F:3964
1015  |Info:    Registering I2C interface: /dev/i2c-2 Device 8086:56A2 Subsystem: 172F:3964
1015  |Info:    Registering I2C interface: /dev/i2c-0 Device 8086:56A2 Subsystem: 172F:3964
1015  |Info:    Registering I2C interface: /dev/i2c-9 Device 1022:790B Subsystem: 1462:7C37
1015  |Warning: [i2c_smbus_linux] Failed to read i2c device PCI device ID
1015  |Info:    Registering I2C interface: /dev/i2c-7 Device 0000:0000 Subsystem: 0000:0000
1015  |Warning: [i2c_smbus_linux] Failed to read i2c device PCI device ID
1015  |Info:    Registering I2C interface: /dev/i2c-5 Device 0000:0000 Subsystem: 0000:0000
1015  |Info:    ------------------------------------------------------
1015  |Info:    |               Detecting I2C devices                |
1015  |Info:    ------------------------------------------------------
1824  |Info:    [Corsair Vengeance Pro RGB] Registering RGB controller
1835  |Info:    [Corsair Vengeance Pro RGB] Registering RGB controller
2518  |Info:    ------------------------------------------------------
2518  |Info:    |               Detecting I2C PCI devices            |
2518  |Info:    ------------------------------------------------------
2519  |Info:    ------------------------------------------------------
2519  |Info:    |               Detecting HID devices                |
2519  |Info:    ------------------------------------------------------
2582  |Info:    [MSI MPG X570 GAMING PLUS (MS-7C37)] Registering RGB controller
2692  |Info:    [Corsair Commander Core] Registering RGB controller
2770  |Info:    [Corsair MM800 RGB Polaris] Registering RGB controller
10800 |Info:    [G502 LIGHTSPEED Wireless Gaming Mouse] Registering RGB controller
10801 |Info:    ------------------------------------------------------
10801 |Info:    |            Detecting libusb HID devices            |
10801 |Info:    ------------------------------------------------------
10895 |Info:    ------------------------------------------------------
10895 |Info:    |              Detecting other devices               |
10895 |Info:    ------------------------------------------------------
10905 |Info:    ------------------------------------------------------
10905 |Info:    |                Detection completed                 |
10905 |Info:    ------------------------------------------------------
18719 |Info:    Profile loading: FAILED! for Corsair Vengeance Pro RGB @ I2C: /dev/i2c-8, address 0x5A
18719 |Info:    Profile loading: FAILED! for Corsair Vengeance Pro RGB @ I2C: /dev/i2c-8, address 0x5B
18719 |Info:    Profile loading: Succeeded for MSI MPG X570 GAMING PLUS (MS-7C37) @ HID: /dev/hidraw4
18719 |Info:    Profile loading: Succeeded for Corsair Commander Core @ HID: /dev/hidraw8
18719 |Info:    Profile loading: Succeeded for Corsair MM800 RGB Polaris @ HID: /dev/hidraw0
18719 |Info:    Profile loading: Succeeded for G502 LIGHTSPEED Wireless Gaming Mouse @ HID: /dev/hidraw11 (Receiver) 
Wireless Index: 255
46158 |Info:    Found file: yes.orp attempting to validate header
46158 |Info:    Valid v4 profile found for yes
48075 |Info:    Profile loading: Succeeded for Corsair Vengeance Pro RGB @ I2C: /dev/i2c-8, address 0x5A
48075 |Info:    Profile loading: Succeeded for Corsair Vengeance Pro RGB @ I2C: /dev/i2c-8, address 0x5B
48075 |Info:    Profile loading: Succeeded for MSI MPG X570 GAMING PLUS (MS-7C37) @ HID: /dev/hidraw4
48075 |Info:    Profile loading: Succeeded for Corsair Commander Core @ HID: /dev/hidraw8
48075 |Info:    Profile loading: Succeeded for Corsair MM800 RGB Polaris @ HID: /dev/hidraw0
48075 |Info:    Profile loading: Succeeded for G502 LIGHTSPEED Wireless Gaming Mouse @ HID: /dev/hidraw11 (Receiver) 
Wireless Index: 255
50872 |Info:    Profile loading: Succeeded for Corsair Vengeance Pro RGB @ I2C: /dev/i2c-8, address 0x5A
50872 |Info:    Profile loading: Succeeded for Corsair Vengeance Pro RGB @ I2C: /dev/i2c-8, address 0x5B
50872 |Info:    Profile loading: Succeeded for MSI MPG X570 GAMING PLUS (MS-7C37) @ HID: /dev/hidraw4
50872 |Info:    Profile loading: Succeeded for Corsair Commander Core @ HID: /dev/hidraw8
50872 |Info:    Profile loading: Succeeded for Corsair MM800 RGB Polaris @ HID: /dev/hidraw0
50872 |Info:    Profile loading: Succeeded for G502 LIGHTSPEED Wireless Gaming Mouse @ HID: /dev/hidraw11 (Receiver) 
Wireless Index: 255
51126 |Info:    Profile loading: Succeeded for Corsair Vengeance Pro RGB @ I2C: /dev/i2c-8, address 0x5A
51126 |Info:    Profile loading: Succeeded for Corsair Vengeance Pro RGB @ I2C: /dev/i2c-8, address 0x5B
51126 |Info:    Profile loading: Succeeded for MSI MPG X570 GAMING PLUS (MS-7C37) @ HID: /dev/hidraw4
51126 |Info:    Profile loading: Succeeded for Corsair Commander Core @ HID: /dev/hidraw8
51126 |Info:    Profile loading: Succeeded for Corsair MM800 RGB Polaris @ HID: /dev/hidraw0
51126 |Info:    Profile loading: Succeeded for G502 LIGHTSPEED Wireless Gaming Mouse @ HID: /dev/hidraw11 (Receiver) 
Wireless Index: 255
