    OpenRGB v0.9
    Commit:  from 
    Launched: 20250628_142729
====================================================================================================

0     |Info:    Found file: yes.orp attempting to validate header
0     |Info:    Valid v4 profile found for yes
1002  |Info:    ------------------------------------------------------
1002  |Info:    |               Start device detection               |
1002  |Info:    ------------------------------------------------------
1002  |Info:    Initializing HID interfaces: Success
1013  |Info:    ------------------------------------------------------
1013  |Info:    |             Detecting I2C interfaces               |
1013  |Info:    ------------------------------------------------------
1013  |Info:    Registering I2C interface: /dev/i2c-3 Device 8086:56A2 Subsystem: 172F:3964
1013  |Info:    Registering I2C interface: /dev/i2c-10 Device 1022:790B Subsystem: 1462:7C37
1013  |Info:    Registering I2C interface: /dev/i2c-8 Device 1022:790B Subsystem: 1462:7C37
1013  |Warning: [i2c_smbus_linux] Failed to read i2c device PCI device ID
1013  |Info:    Registering I2C interface: /dev/i2c-6 Device 0000:0000 Subsystem: 0000:0000
1013  |Info:    Registering I2C interface: /dev/i2c-2 Device 8086:56A2 Subsystem: 172F:3964
1013  |Info:    Registering I2C interface: /dev/i2c-0 Device 8086:56A2 Subsystem: 172F:3964
1013  |Warning: [i2c_smbus_linux] Failed to read i2c device PCI device ID
1013  |Info:    Registering I2C interface: /dev/i2c-7 Device 0000:0000 Subsystem: 0000:0000
1013  |Info:    ------------------------------------------------------
1013  |Info:    |               Detecting I2C devices                |
1013  |Info:    ------------------------------------------------------
1571  |Info:    ------------------------------------------------------
1571  |Info:    |               Detecting I2C PCI devices            |
1571  |Info:    ------------------------------------------------------
1572  |Info:    ------------------------------------------------------
1572  |Info:    |               Detecting HID devices                |
1572  |Info:    ------------------------------------------------------
1633  |Info:    [MSI MPG X570 GAMING PLUS (MS-7C37)] Registering RGB controller
1794  |Info:    [Corsair Commander Core] Registering RGB controller
1876  |Info:    [Corsair MM800 RGB Polaris] Registering RGB controller
3357  |Info:    [G502 LIGHTSPEED Wireless Gaming Mouse] Registering RGB controller
3357  |Info:    ------------------------------------------------------
3357  |Info:    |            Detecting libusb HID devices            |
3357  |Info:    ------------------------------------------------------
3495  |Info:    ------------------------------------------------------
3495  |Info:    |              Detecting other devices               |
3495  |Info:    ------------------------------------------------------
3506  |Info:    ------------------------------------------------------
3506  |Info:    |                Detection completed                 |
3506  |Info:    ------------------------------------------------------
3506  |Dialog:  <h2>WARNING:</h2><p>One or more I2C/SMBus interfaces failed to initialize.</p><p>RGB DRAM modules and some motherboards' onboard RGB lighting will not be available without I2C/SMBus.</p><p>On Linux, this is usually because the i2c-dev module is not loaded.  You must load the i2c-dev module along with the correct i2c driver for your motherboard.  This is usually i2c-piix4 for AMD systems and i2c-i801 for Intel systems.</p><p>See <a href='https://help.openrgb.org/'>help.openrgb.org</a> for additional troubleshooting steps if you keep seeing this message.<br></p>
